---
source: tests/nat_tests.rs
expression: result
---
Z plus S(S(Z)) is S(S(Z)) by P-Zero {
};
