---
source: tests/nat_tests.rs
expression: result
---
Z plus Z is Z by P-Zero {
};
