---
source: tests/poly_infer_test.rs
expression: "&result"
---
|- fun x -> x : ('a -> 'a) by T-Abs {
    x: 'a |- x : 'a by T-Var {
    };
};
